{"registered-boards":{"http://boardurl.com/collection/project/team/_api/_backlog/GetBoard?__v=5&hubCategoryReferenceName=Microsoft.RequirementCategory":{"type":"BoardRecord","cardCategory":"Microsoft.RequirementCategory","boardUrl":"http://boardurl.com/collection/project/team/_backlogs/board/Backlog%20items","__RequestVerificationToken":"requestToken","projectName":"collectionUrl"},"http://boardurl.com/collection/project/_api/_backlog/GetBoard?__v=5&hubCategoryReferenceName=Microsoft.RequirementCategory":{"type":"BoardRecord","cardCategory":"Microsoft.RequirementCategory","boardUrl":"http://boardurl.com/collection/project/_backlogs/board","__RequestVerificationToken":"requestToken","projectName":"collectionUrl"}},"snapshots_http://boardurl.com/collection/project/team/_backlogs/board/Backlog%20items":{"ver":"0.5.0","updated":"1970-01-01 01:16","board":"https://boardUrl/","boardUrl":"http://boardurl.com/collection/project/team/_backlogs/board/Backlog%20items","storageKey":"snapshots_null","genericItemUrl":"https://collectionUrl/_workitems#_a=edit&id=","snapshotRecords":[{"firstSeen":1000000,"lastSeen":1000000}],"boardDesignHistory":{"boardDesignRecords":[{"design":[{"name":"ToDo"},{"name":"Dev IP","wip":{"limit":5}},{"name":"Dev DONE","wip":{"limit":0}},{"name":"In production"}],"firstSeen":1000000,"lastSeen":1000000}]},"flowData":{"1":{"title":"test","id":1,"lanes":{"ToDo":[{"firstSeen":1000000,"lastSeen":1000000,"name":"ToDo"}]},"blockedRecords":[],"inLane":"ToDo"}},"doneState":["Done","Done"]},"snapshots_http://boardurl.com/collection/project/_backlogs/board":{"ver":"0.5.0","updated":"1970-01-01 01:33","board":"https://boardUrl/","boardUrl":"http://boardurl.com/collection/project/_backlogs/board","storageKey":"snapshots_null","genericItemUrl":"https://collectionUrl/_workitems#_a=edit&id=","snapshotRecords":[{"firstSeen":2000000,"lastSeen":2000000}],"boardDesignHistory":{"boardDesignRecords":[{"design":[{"name":"ToDo"},{"name":"Dev IP","wip":{"limit":5}},{"name":"Dev DONE","wip":{"limit":0}},{"name":"In production"}],"firstSeen":2000000,"lastSeen":2000000}]},"flowData":{"1":{"title":"test","id":1,"lanes":{"ToDo":[{"firstSeen":2000000,"lastSeen":2000000,"name":"ToDo"}]},"blockedRecords":[],"inLane":"ToDo"}},"doneState":["Done","Done"]}}