{"title":"test","id":16,"lanes":{"ToDo":[{"firstSeen":1000000,"lastSeen":1000000,"name":"ToDo"}]},"isBlocked":false,"blockedRecords":[],"inLane":"ToDo","state":"removed"}