{"registered-boards":"{\"http://boardurl.com/_api/_backlog/GetBoard?__v=3\":{\"type\":\"BoardRecord\",\"boardUrl\":\"http://boardurl.com/_backlogs/board/Backlog%20items\",\"__RequestVerificationToken\":\"requestToken\",\"projectName\":\"collectionUrl\"}}","snapshots_http://boardurl.com/_backlogs/board/Backlog%20items":"{\"ver\":\"0.5.0\",\"updated\":\"1970-01-01 01:33\",\"board\":\"https://boardUrl/\",\"boardUrl\":\"http://boardurl.com/_backlogs/board/Backlog%20items\",\"storageKey\":\"snapshots_http://boardurl.com/_backlogs/board\",\"genericItemUrl\":\"https://collectionUrl/_workitems#_a=edit&id=\",\"snapshotRecords\":[{\"firstSeen\":1000000,\"lastSeen\":2000000}],\"boardDesignHistory\":{\"boardDesignRecords\":[{\"design\":[{\"name\":\"ToDo\"},{\"name\":\"Dev IP\",\"wip\":{\"limit\":5}},{\"name\":\"Dev DONE\",\"wip\":{\"limit\":0}},{\"name\":\"In production\"}],\"firstSeen\":1000000,\"lastSeen\":2000000}]},\"flowData\":{\"1\":{\"title\":\"test\",\"id\":1,\"lanes\":{\"ToDo\":[{\"firstSeen\":1000000,\"lastSeen\":2000000,\"name\":\"ToDo\"}]},\"blockedRecords\":[],\"inLane\":\"ToDo\"}},\"doneState\":[\"Done\",\"Done\"]}"}