{"ver":"0.5.0","updated":"1970-01-31 01:00","board":"https://boardUrl/","storageKey":"snapshots_null","genericItemUrl":"https://collectionUrl/_workitems#_a=edit&id=","snapshotRecords":[{"firstSeen":864000000,"lastSeen":1641600000},{"firstSeen":1728000000,"lastSeen":2505600000},{"firstSeen":2592000000,"lastSeen":2592000000}],"boardDesignHistory":{"boardDesignRecords":[{"design":[{"name":"ToDo"},{"name":"Dev IP","wip":{"limit":5}},{"name":"Dev DONE","wip":{"limit":0}},{"name":"In production"}],"firstSeen":864000000,"lastSeen":2592000000}]},"flowData":{"1":{"title":"CR testTicket","id":"1","lanes":{"ToDo":[{"firstSeen":864000000,"lastSeen":1641600000,"name":"ToDo"},{"firstSeen":2592000000,"lastSeen":2592000000,"name":"ToDo"}],"Dev IP":[{"firstSeen":1728000000,"lastSeen":2505600000,"name":"Dev IP"}]},"blockedRecords":[],"inLane":"ToDo"}},"doneState":["Done","Done"]}