[{"design":[{"name":"Att GÃ¶ra"},{"name":"Dev IP","wip":{"limit":5}},{"name":"Dev DONE","wip":{"limit":0}},{"name":"In production"}],"firstSeen":9999990,"lastSeen":9999990},{"design":[{"name":"ToDo"},{"name":"Dev IP","wip":{"limit":5}},{"name":"Dev DONE","wip":{"limit":0}},{"name":"In production"}],"firstSeen":10000000,"lastSeen":10000000}]