{"ver":"0.5.0","board":"https://paddelkraft.visualstudio.com/DefaultCollection/tfsDataCollection","storageKey":"snapshots_null","genericItemUrl":"https://paddelkraft.visualstudio.com/DefaultCollection/tfsDataCollection/_workitems#_a=edit&id=","snapshotRecords":[{"firstSeen":1420066186640,"lastSeen":1420066405840}],"boardDesignHistory":{"boardDesignRecords":[{"firstSeen":1420066186640,"lastSeen":1420066405840,"design":[{"name":"ToDo","wip":{"limit":0}},{"name":"Req IP","wip":{"limit":1}},{"name":"Req DONE","wip":{"limit":0}},{"name":"Architecture IP","wip":{"limit":3}},{"name":"Architecture DONE","wip":{"limit":0}},{"name":"Dev IP","wip":{"limit":5}},{"name":"Dev DONE","wip":{"limit":0}},{"name":"Test IP","wip":{"limit":5}},{"name":"Test DONE","wip":{"limit":0}},{"name":"Approval","wip":{"limit":5}},{"name":"Redy for production","wip":{"limit":5}},{"name":"In production","wip":{"limit":0}}]}]},"flowData":{"1":{"title":"CR #111 Test1","id":"1","lanes":{"Test IP":[{"firstSeen":1420066186640,"lastSeen":1420066405840,"name":"Test IP"}]},"blockedRecords":[],"inLane":"Test IP"},"2":{"title":"! CR #112 Test 2","id":"2","lanes":{"Test IP":[{"firstSeen":1420066186640,"lastSeen":1420066405840,"name":"Test IP"}]},"blockedRecords":[],"inLane":"Test IP"},"3":{"title":"* CR #113 Test3","id":"3","lanes":{"Test IP":[{"firstSeen":1420066186640,"lastSeen":1420066405840,"name":"Test IP"}]},"isBlocked":true,"blockedRecords":[{"firstSeen":1420066186640,"lastSeen":1420066405840}],"inLane":"Test IP"},"4":{"title":"AT #111 Test4","id":"4","lanes":{"Test IP":[{"firstSeen":1420066186640,"lastSeen":1420066405840,"name":"Test IP"}]},"blockedRecords":[],"inLane":"Test IP"},"5":{"title":"BUG #3587 critical","id":"5","lanes":{"Test IP":[{"firstSeen":1420066186640,"lastSeen":1420066405840,"name":"Test IP"}]},"blockedRecords":[],"inLane":"Test IP"},"6":{"title":"SUPPORT #not support","id":"6","lanes":{"Test DONE":[{"firstSeen":1420066186640,"lastSeen":1420066405840,"name":"Test DONE"}]},"blockedRecords":[],"inLane":"Test DONE"},"7":{"title":"MAINT #111 fixa","id":"7","lanes":{"Architecture DONE":[{"firstSeen":1420066186640,"lastSeen":1420066405840,"name":"Architecture DONE"}]},"blockedRecords":[],"inLane":"Architecture DONE"},"8":{"title":"TEST testing","id":"8","lanes":{"Dev IP":[{"firstSeen":1420066186640,"lastSeen":1420066405840,"name":"Dev IP"}]},"blockedRecords":[],"inLane":"Dev IP"},"9":{"title":"FD 2014-10-10 #123 bla bla bla |maint","id":"9","lanes":{"Dev DONE":[{"firstSeen":1420066186640,"lastSeen":1420066405840,"name":"Dev DONE"}]},"blockedRecords":[],"inLane":"Dev DONE"},"10":{"title":"SPIKE spike 1 |project","id":"10","lanes":{"Req DONE":[{"firstSeen":1420066186640,"lastSeen":1420066405840,"name":"Req DONE"}]},"blockedRecords":[],"inLane":"Req DONE"}}}