{"ver":"0.5.0","board":"https://boardUrl/","storageKey":"snapshots_null","genericItemUrl":"https://collectionUrl/_workitems#_a=edit&id=","snapshotRecords":[{"firstSeen":864000000,"lastSeen":1641600000},{"firstSeen":1728000000,"lastSeen":2505600000},{"firstSeen":2592000000,"lastSeen":2592000000}],"boardDesignHistory":{"boardDesignRecords":[{"firstSeen":864000000,"lastSeen":2592000000,"design":[{"name":"ToDo"},{"name":"Dev IP","wip":{"limit":5}},{"name":"Dev DONE","wip":{"limit":0}},{"name":"In production"}]}]},"flowData":{"1":{"title":"CR testTicket","id":"1","lanes":{"ToDo":[{"firstSeen":864000000,"lastSeen":2592000000,"name":"ToDo"}]},"isBlocked":true,"blockedRecords":[{"firstSeen":864000000,"lastSeen":1641600000},{"firstSeen":2592000000,"lastSeen":2592000000}],"inLane":"ToDo"}}}