[["Date","In production","Dev DONE","Dev IP","ToDo"],[0,0,0,0,2],[86400000,0,0,2,0],[172800000,0,2,0,0],[259200000,2,0,0,0],[345600000,2,0,0,0]]