[["Date","In production","Dev DONE","Dev IP","ToDo"],[0,0,0,0,1],[86400000,1,0,0,0]]