[["Date","In production","Dev DONE","Dev IP","ToDo"],[0,0,0,0,0],[86400000,0,0,0,0],[172800000,0,0,0,0],[259200000,0,0,0,0],[345600000,0,0,0,0]]