[["Date","In production","Dev DONE","Dev IP","ToDo"],[0,0,0,0,1],[86400000,0,0,1,0],[172800000,0,1,0,0],[259200000,1,0,0,0]]