[{"key":"In production","values":[[86400000,0],[172800000,0],[259200000,0],[345600000,0]]},{"key":"Dev DONE","values":[[86400000,0],[172800000,0],[259200000,0],[345600000,0]]},{"key":"Dev IP","values":[[86400000,1],[172800000,0],[259200000,0],[345600000,0]]},{"key":"Dev Doing","values":[[86400000,0],[172800000,1],[259200000,1],[345600000,1]]},{"key":"ToDo","values":[[86400000,0],[172800000,0],[259200000,0],[345600000,0]]}]