[["Date","In production","Dev DONE","Dev IP","ToDo"],[0,0,0,0,0],[86400000,0,0,0,0]]