[{"key":"In production","values":[[0,0],[86400000,0],[172800000,0],[259200000,1],[345600000,1]]},{"key":"Dev DONE","values":[[0,0],[86400000,0],[172800000,1],[259200000,0],[345600000,0]]},{"key":"Dev IP","values":[[0,0],[86400000,1],[172800000,0],[259200000,0],[345600000,0]]},{"key":"ToDo","values":[[0,1],[86400000,0],[172800000,0],[259200000,0],[345600000,0]]}]