[["Date","In production","Dev DONE","Dev IP","Dev Doing","ToDo"],[86400000,0,0,1,0,0],[172800000,0,0,0,1,0],[259200000,0,0,0,1,0],[345600000,0,0,0,1,0]]