{"ver":"0.5.0","board":"https://paddelkraft.visualstudio.com/DefaultCollection/tfsDataCollection","boardUrl":"https://paddelkraft.visualstudio.com/DefaultCollection/tfsDataCollection/_backlogs/board/boardName","storageKey":"snapshots_https://paddelkraft.visualstudio.com/DefaultCollection/tfsDataCollection/_backlogs/board/boardName","genericItemUrl":"https://paddelkraft.visualstudio.com/DefaultCollection/tfsDataCollection/_workitems#_a=edit&id=","snapshotRecords":[{"firstSeen":10000000,"lastSeen":10000000}],"boardDesignHistory":{"boardDesignRecords":[{"design":[{"name":"ToDo"},{"name":"Dev IP","wip":{"limit":5}},{"name":"Dev DONE","wip":{"limit":0}},{"name":"In production"}],"firstSeen":10000000,"lastSeen":10000000}]},"flowData":{"3":{"title":"CR 1","id":"3","lanes":{"Dev DONE":[{"firstSeen":10000000,"lastSeen":10000000,"name":"Dev DONE"}]},"isBlocked":false,"blockedRecords":[],"inLane":"Dev DONE"},"4":{"title":"AT 1","id":"4","lanes":{"ToDo":[{"firstSeen":10000000,"lastSeen":10000000,"name":"ToDo"}]},"isBlocked":false,"blockedRecords":[],"inLane":"ToDo"},"9":{"title":"BL ticket 1","id":"9","lanes":{"Dev IP":[{"firstSeen":10000000,"lastSeen":10000000,"name":"Dev IP"}]},"isBlocked":true,"blockedRecords":[{"firstSeen":10000000,"lastSeen":10000000}],"inLane":"Dev IP"}}}