{"ver":"0.5.0","board":null,"boardUrl":null,"storageKey":"snapshots_null","genericItemUrl":"","snapshotRecords":[],"boardDesignHistory":{"boardDesignRecords":[]},"flowData":{}}