{"1":{"id":"1","title":"old Ticket","blocked":true,"daysInColumn":"50 (old)","daysOnBoard":"50 (old)","blockedSince":"50 (old)"},"2":{"id":"2","title":"10day Ticket","daysInColumn":10,"daysOnBoard":10,"blockedSince":""},"3":{"id":"3","title":"20day Ticket","daysInColumn":"20 (old)","daysOnBoard":20,"blockedSince":""},"4":{"id":"4","title":"20day Ticket in lane for 10 days","blocked":true,"daysInColumn":10,"daysOnBoard":20,"blockedSince":"20 (old)"},"5":{"id":"5","title":"new Ticket","blocked":true,"daysInColumn":"new","daysOnBoard":"new","blockedSince":"new"}}