[["TFS Id","Title","ToDo","Dev IP","Dev DONE","In production","Blocked"],["1","CR testTicket","20:00:00",null,null,null,"9:00:00"]]