[["TFS Id","Title","ToDo","Dev IP","Dev DONE","In production","Blocked"],["1",null,"9:00:00","9:00:00",null,null,null]]