{"title":"CR 1","id":"3","lanes":{"Dev DONE":[{"firstSeen":9999990,"lastSeen":10000000,"name":"Dev DONE"}]},"blockedRecords":[],"inLane":"Dev DONE"}