[["Id","Title","url","lane","first","last"],["1","CR testTicket","https://collectionUrl/_workitems#_a=edit&id=1","ToDo","1970-01-11 01:00","1970-01-31 01:00"],["1","CR testTicket","https://collectionUrl/_workitems#_a=edit&id=1","Blocked","1970-01-11 01:00","1970-01-20 01:00"],["1","CR testTicket","https://collectionUrl/_workitems#_a=edit&id=1","Blocked","1970-01-31 01:00","1970-01-31 01:00"],["","","","","",""]]