{"responseLog":["Settings saved",{"kanbanBoardColorMap":{"!":"black","*":"red","CR":"blue"},"kanbanBoardDescriptionMap":{"!":"expediter","*":"blocked","CR":""},"taskBoardColorMap":{"!":"black","*":"red","CR":"blue"},"taskBoardDescriptionMap":{"!":"expediter","*":"blocked","CR":""},"boardLinks":{"google":"http://google.com","bing":"http://bing.com"}}],"storage":{"data":{"links":{"google":"http://google.com","bing":"http://bing.com"},"taskBoardColorMap":{"!":"black","*":"red","CR":"blue"},"taskBoardDescriptionMap":{"!":"expediter","*":"blocked","CR":""},"colorMap":{"!":"black","*":"red","CR":"blue"},"descriptionMap":{"!":"expediter","*":"blocked","CR":""},"settings-updated":{}},"log":[{"call":"setItem","key":"links","content":{"google":"http://google.com","bing":"http://bing.com"}},{"call":"setItem","key":"taskBoardColorMap","content":{"!":"black","*":"red","CR":"blue"}},{"call":"setItem","key":"taskBoardDescriptionMap","content":{"!":"expediter","*":"blocked","CR":""}},{"call":"setItem","key":"colorMap","content":{"!":"black","*":"red","CR":"blue"}},{"call":"setItem","key":"descriptionMap","content":{"!":"expediter","*":"blocked","CR":""}},{"call":"setItem","key":"settings-updated","content":"2015-01-30 23:01"},{"call":"getItem","key":"colorMap","content":{"!":"black","*":"red","CR":"blue"}},{"call":"getItem","key":"descriptionMap","content":{"!":"expediter","*":"blocked","CR":""}},{"call":"getItem","key":"taskBoardColorMap","content":{"!":"black","*":"red","CR":"blue"}},{"call":"getItem","key":"taskBoardDescriptionMap","content":{"!":"expediter","*":"blocked","CR":""}},{"call":"getItem","key":"links","content":{"google":"http://google.com","bing":"http://bing.com"}}]}}