{"responseLog":[{"ver":"0.5.0","updated":null,"board":"https://boardUrl/","boardUrl":"http://boardurl.com/_backlogs/board/Backlog%20items","storageKey":"snapshots_http://boardurl.com/_backlogs/board/Backlog%20items","genericItemUrl":"https://collectionUrl/_workitems#_a=edit&id=","snapshotRecords":[{"firstSeen":864000000,"lastSeen":864000000}],"boardDesignHistory":{"boardDesignRecords":[{"design":[{"name":"ToDo"},{"name":"Dev IP","wip":{"limit":5}},{"name":"Dev DONE","wip":{"limit":0}},{"name":"In production"}],"firstSeen":864000000,"lastSeen":864000000}]},"flowData":{"1":{"title":"CR testTicket","id":"1","lanes":{"ToDo":[{"firstSeen":864000000,"lastSeen":864000000,"name":"ToDo"}]},"isBlocked":false,"blockedRecords":[],"inLane":"ToDo"}}}],"storage":{"data":{"snapshots_http://boardurl.com/_backlogs/board/Backlog%20items":{"ver":"0.5.0","updated":"1970-01-11 01:00","board":"https://boardUrl/","boardUrl":"http://boardurl.com/_backlogs/board/Backlog%20items","storageKey":"snapshots_null","genericItemUrl":"https://collectionUrl/_workitems#_a=edit&id=","snapshotRecords":[{"firstSeen":864000000,"lastSeen":864000000}],"boardDesignHistory":{"boardDesignRecords":[{"design":[{"name":"ToDo"},{"name":"Dev IP","wip":{"limit":5}},{"name":"Dev DONE","wip":{"limit":0}},{"name":"In production"}],"firstSeen":864000000,"lastSeen":864000000}]},"flowData":{"1":{"title":"CR testTicket","id":"1","lanes":{"ToDo":[{"firstSeen":864000000,"lastSeen":864000000,"name":"ToDo"}]},"blockedRecords":[],"inLane":"ToDo"}},"doneState":["Done","Done"]}},"log":[{"call":"getItem","key":"snapshots_http://boardurl.com/_backlogs/board/Backlog%20items","content":{"ver":"0.5.0","updated":"1970-01-11 01:00","board":"https://boardUrl/","boardUrl":"http://boardurl.com/_backlogs/board/Backlog%20items","storageKey":"snapshots_null","genericItemUrl":"https://collectionUrl/_workitems#_a=edit&id=","snapshotRecords":[{"firstSeen":864000000,"lastSeen":864000000}],"boardDesignHistory":{"boardDesignRecords":[{"design":[{"name":"ToDo"},{"name":"Dev IP","wip":{"limit":5}},{"name":"Dev DONE","wip":{"limit":0}},{"name":"In production"}],"firstSeen":864000000,"lastSeen":864000000}]},"flowData":{"1":{"title":"CR testTicket","id":"1","lanes":{"ToDo":[{"firstSeen":864000000,"lastSeen":864000000,"name":"ToDo"}]},"blockedRecords":[],"inLane":"ToDo"}},"doneState":["Done","Done"]}}]}}