{"responseLog":["Settings saved",{"kanbanBoardColorMap":{},"kanbanBoardDescriptionMap":{},"taskBoardColorMap":{},"taskBoardDescriptionMap":{},"boardLinks":{}}],"storage":{"data":{"settings-updated":{}},"log":[{"call":"setItem","key":"settings-updated","content":"2015-01-30 23:01"},{"call":"getItem","key":"colorMap","content":{}},{"call":"getItem","key":"descriptionMap","content":{}},{"call":"getItem","key":"taskBoardColorMap","content":{}},{"call":"getItem","key":"taskBoardDescriptionMap","content":{}},{"call":"getItem","key":"links","content":{}}]}}