{"board":"https://boardUrl/","milliseconds":0,"genericItemUrl":"https://collectionUrl/_workitems#_a=edit&id=","lanes":[{"name":"ToDo","tickets":[{"id":"1","title":"old Ticket","blocked":true,"daysInColumn":"50 (old)","daysOnBoard":"50 (old)","blockedSince":"50 (old)"},{"id":"2","title":"10day Ticket","daysInColumn":10,"daysOnBoard":10,"blockedSince":""},{"id":"3","title":"20day Ticket","daysInColumn":"20 (old)","daysOnBoard":20,"blockedSince":""},{"id":"5","title":"new Ticket","blocked":true,"daysInColumn":"new","daysOnBoard":"new","blockedSince":"new"}]},{"name":"Dev IP","wip":{"limit":5,"current":1},"tickets":[{"id":"4","title":"20day Ticket in lane for 10 days","blocked":true,"daysInColumn":10,"daysOnBoard":20,"blockedSince":"20 (old)"}]},{"name":"Dev DONE","wip":{"limit":0,"current":0},"tickets":[]},{"name":"In production","tickets":[]}]}