{"responseLog":["Snapshot triggered"],"storage":{"data":{"registered-boards":{"http://boardurl.com/_api/_backlog/GetBoard?__v=3":{"type":"BoardRecord","boardUrl":"http://boardurl.com/_backlogs/board/Backlog%20items","projectName":"collectionUrl"}},"snapshots_http://boardurl.com/_backlogs/board/Backlog%20items":{"ver":"0.5.0","updated":"1970-01-01 01:16","board":"http://boardurl.com/_backlogs/board/Backlog%20itemscollectionUrl","boardUrl":"http://boardurl.com/_backlogs/board/Backlog%20items","storageKey":"snapshots_null","genericItemUrl":"http://boardurl.com/_backlogs/board/Backlog%20itemscollectionUrl/_workitems#_a=edit&id=","snapshotRecords":[{"firstSeen":1000000,"lastSeen":1000000}],"boardDesignHistory":{"boardDesignRecords":[{"design":[{"name":"New","wip":{"limit":0}},{"name":"In Progress","wip":{"limit":5}},{"name":"Done","wip":{"limit":0}}],"firstSeen":1000000,"lastSeen":1000000}]},"flowData":{"25":{"title":"Test","id":"25","lanes":{"New":[{"firstSeen":1000000,"lastSeen":1000000,"name":"New"}]},"blockedRecords":[],"inLane":"New"},"28":{"title":"test2","id":"28","lanes":{"In Progress":[{"firstSeen":1000000,"lastSeen":1000000,"name":"In Progress"}]},"blockedRecords":[],"inLane":"In Progress"}},"doneState":["Done"]}},"log":[{"call":"getItem","key":"registered-boards","content":{}},{"call":"getItem","key":"registered-boards","content":{}},{"call":"setItem","key":"registered-boards","content":{"http://boardurl.com/_api/_backlog/GetBoard?__v=3":{"type":"BoardRecord","boardUrl":"http://boardurl.com/_backlogs/board/Backlog%20items","projectName":"collectionUrl"}}},{"call":"getItem","key":"registered-boards","content":{"http://boardurl.com/_api/_backlog/GetBoard?__v=3":{"type":"BoardRecord","boardUrl":"http://boardurl.com/_backlogs/board/Backlog%20items","projectName":"collectionUrl"}}},{"call":"getItem","key":"registered-boards","content":{"http://boardurl.com/_api/_backlog/GetBoard?__v=3":{"type":"BoardRecord","boardUrl":"http://boardurl.com/_backlogs/board/Backlog%20items","projectName":"collectionUrl"}}},{"call":"getItem","key":"snapshots_http://boardurl.com/_backlogs/board/Backlog%20items","content":{}},{"call":"getItem","key":"colorMap","content":{}},{"call":"setItem","key":"snapshots_http://boardurl.com/_backlogs/board/Backlog%20items","content":{"ver":"0.5.0","updated":"1970-01-01 01:16","board":"http://boardurl.com/_backlogs/board/Backlog%20itemscollectionUrl","boardUrl":"http://boardurl.com/_backlogs/board/Backlog%20items","storageKey":"snapshots_null","genericItemUrl":"http://boardurl.com/_backlogs/board/Backlog%20itemscollectionUrl/_workitems#_a=edit&id=","snapshotRecords":[{"firstSeen":1000000,"lastSeen":1000000}],"boardDesignHistory":{"boardDesignRecords":[{"design":[{"name":"New","wip":{"limit":0}},{"name":"In Progress","wip":{"limit":5}},{"name":"Done","wip":{"limit":0}}],"firstSeen":1000000,"lastSeen":1000000}]},"flowData":{"25":{"title":"Test","id":"25","lanes":{"New":[{"firstSeen":1000000,"lastSeen":1000000,"name":"New"}]},"blockedRecords":[],"inLane":"New"},"28":{"title":"test2","id":"28","lanes":{"In Progress":[{"firstSeen":1000000,"lastSeen":1000000,"name":"In Progress"}]},"blockedRecords":[],"inLane":"In Progress"}},"doneState":["Done"]}}]}}