{"responseLog":["Saved",{"ver":"0.5.0","board":"https://boardUrl/","boardUrl":"http://boardurl.com/_backlogs/board/Backlog%20items","storageKey":"snapshots_http://boardurl.com/_backlogs/board/Backlog%20items","genericItemUrl":"https://collectionUrl/_workitems#_a=edit&id=","snapshotRecords":[{"firstSeen":1000000,"lastSeen":1000000}],"boardDesignHistory":{"boardDesignRecords":[{"design":[{"name":"ToDo"},{"name":"Dev IP","wip":{"limit":5}},{"name":"Dev DONE","wip":{"limit":0}},{"name":"In production"}],"firstSeen":1000000,"lastSeen":1000000}]},"flowData":{"1":{"title":"test","id":1,"lanes":{"ToDo":[{"firstSeen":1000000,"lastSeen":1000000,"name":"ToDo"}]},"isBlocked":false,"blockedRecords":[],"inLane":"ToDo"}}}],"storage":{"data":{"snapshots_http://boardurl.com/_backlogs/board/Backlog%20items":"{\"ver\":\"0.5.0\",\"board\":\"https://boardUrl/\",\"boardUrl\":\"http://boardurl.com/_backlogs/board/Backlog%20items\",\"storageKey\":\"snapshots_null\",\"genericItemUrl\":\"https://collectionUrl/_workitems#_a=edit&id=\",\"snapshotRecords\":[{\"firstSeen\":1000000,\"lastSeen\":1000000}],\"boardDesignHistory\":{\"boardDesignRecords\":[{\"design\":[{\"name\":\"ToDo\"},{\"name\":\"Dev IP\",\"wip\":{\"limit\":5}},{\"name\":\"Dev DONE\",\"wip\":{\"limit\":0}},{\"name\":\"In production\"}],\"firstSeen\":1000000,\"lastSeen\":1000000}]},\"flowData\":{\"1\":{\"title\":\"test\",\"id\":1,\"lanes\":{\"ToDo\":[{\"firstSeen\":1000000,\"lastSeen\":1000000,\"name\":\"ToDo\"}]},\"blockedRecords\":[],\"inLane\":\"ToDo\"}}}"},"log":[{"call":"getItem","key":"snapshots_http://boardurl.com/_backlogs/board/Backlog%20items","content":{}},{"call":"getItem","key":"colorMap","content":{}},{"call":"setItem","key":"snapshots_http://boardurl.com/_backlogs/board/Backlog%20items","content":"{\"ver\":\"0.5.0\",\"board\":\"https://boardUrl/\",\"boardUrl\":\"http://boardurl.com/_backlogs/board/Backlog%20items\",\"storageKey\":\"snapshots_null\",\"genericItemUrl\":\"https://collectionUrl/_workitems#_a=edit&id=\",\"snapshotRecords\":[{\"firstSeen\":1000000,\"lastSeen\":1000000}],\"boardDesignHistory\":{\"boardDesignRecords\":[{\"design\":[{\"name\":\"ToDo\"},{\"name\":\"Dev IP\",\"wip\":{\"limit\":5}},{\"name\":\"Dev DONE\",\"wip\":{\"limit\":0}},{\"name\":\"In production\"}],\"firstSeen\":1000000,\"lastSeen\":1000000}]},\"flowData\":{\"1\":{\"title\":\"test\",\"id\":1,\"lanes\":{\"ToDo\":[{\"firstSeen\":1000000,\"lastSeen\":1000000,\"name\":\"ToDo\"}]},\"blockedRecords\":[],\"inLane\":\"ToDo\"}}}"},{"call":"getItem","key":"snapshots_http://boardurl.com/_backlogs/board/Backlog%20items","content":{"ver":"0.5.0","board":"https://boardUrl/","boardUrl":"http://boardurl.com/_backlogs/board/Backlog%20items","storageKey":"snapshots_null","genericItemUrl":"https://collectionUrl/_workitems#_a=edit&id=","snapshotRecords":[{"firstSeen":1000000,"lastSeen":1000000}],"boardDesignHistory":{"boardDesignRecords":[{"design":[{"name":"ToDo"},{"name":"Dev IP","wip":{"limit":5}},{"name":"Dev DONE","wip":{"limit":0}},{"name":"In production"}],"firstSeen":1000000,"lastSeen":1000000}]},"flowData":{"1":{"title":"test","id":1,"lanes":{"ToDo":[{"firstSeen":1000000,"lastSeen":1000000,"name":"ToDo"}]},"blockedRecords":[],"inLane":"ToDo"}}}}]}}