{"ver":"0.5.0","board":"https://paddelkraft.visualstudio.com/DefaultCollection/tfsDataCollection","storageKey":"snapshots_null","genericItemUrl":"https://paddelkraft.visualstudio.com/DefaultCollection/tfsDataCollection/_workitems#_a=edit&id=","snapshotRecords":[{"firstSeen":1410293597175,"lastSeen":1410293597175},{"firstSeen":1417355741960,"lastSeen":1419885408160},{"firstSeen":1419889962039,"lastSeen":1419889962039}],"boardDesignHistory":{"boardDesignRecords":[{"firstSeen":1410293597175,"lastSeen":1419889962039,"design":[{"name":"ToDo"},{"name":"Req IP","wip":{"limit":1}},{"name":"Req DONE","wip":{"limit":0}},{"name":"Architecture IP","wip":{"limit":3}},{"name":"Architecture DONE","wip":{"limit":0}},{"name":"Dev IP","wip":{"limit":5}},{"name":"Dev DONE","wip":{"limit":0}},{"name":"Test IP","wip":{"limit":5}},{"name":"Test DONE","wip":{"limit":0}},{"name":"Approval","wip":{"limit":5}},{"name":"Redy for production","wip":{"limit":5}},{"name":"In production"}]}]},"flowData":{"3":{"title":"* CR #113 Test3","id":"3","lanes":{"Dev DONE":[{"firstSeen":1410293597175,"lastSeen":1410293597175,"name":"Dev DONE"}],"Test IP":[{"firstSeen":1417355741960,"lastSeen":1419889962039,"name":"Test IP"}]},"blockedRecords":[],"inLane":"Test IP"},"7":{"title":"MAINT #111 fixa","id":"7","lanes":{"Req DONE":[{"firstSeen":1410293597175,"lastSeen":1410293597175,"name":"Req DONE"}],"Architecture IP":[{"firstSeen":1417355741960,"lastSeen":1419885408160,"name":"Architecture IP"}],"Architecture DONE":[{"firstSeen":1419889962039,"lastSeen":1419889962039,"name":"Architecture DONE"}]},"blockedRecords":[],"inLane":"Architecture DONE"}}}