{"https://paddelkraft.visualstudio.com/DefaultCollection/tfsDataCollection/_api/_backlog/GetBoard?__v=5&hubCategoryReferenceName=Custom":{"boardUrl":"https://paddelkraft.visualstudio.com/DefaultCollection/tfsDataCollection/_backlogs/board/Backlog%20items","projectUrl":"https://paddelkraft.visualstudio.com/DefaultCollection/tfsDataCollection","apiUrl":"https://paddelkraft.visualstudio.com/DefaultCollection/tfsDataCollection/_api/_backlog/GetBoard?__v=5&hubCategoryReferenceName=Custom","genericItemUrl":"https://paddelkraft.visualstudio.com/DefaultCollection/tfsDataCollection/_workitems#_a=edit&id=","cardCategory":"Custom"}}