[["Date","ToDo","Done"],["1970-01-01",0,0],["1970-01-02",0,0],["1970-01-03",0,0]]