{"setItem":{},"getItem":{},"removeItem":{},"convertDataEntriesToObjects":{},"save":{"key1":"testing testing","key2":{"subkey":220}}}