{"ver":"0.5.0","board":"https://paddelkraft.visualstudio.com/DefaultCollection/tfsDataCollection","boardUrl":null,"storageKey":"snapshots_null","genericItemUrl":"https://paddelkraft.visualstudio.com/DefaultCollection/tfsDataCollection/_workitems#_a=edit&id=","snapshotRecords":[{"firstSeen":1410293597175,"lastSeen":1410293597175},{"firstSeen":1417355741960,"lastSeen":1419885408160},{"firstSeen":1419889962039,"lastSeen":1419889962039}],"boardDesignHistory":{"boardDesignRecords":[{"design":[{"name":"ToDo"},{"name":"Req IP","wip":{"limit":1}},{"name":"Req DONE","wip":{"limit":0}},{"name":"Architecture IP","wip":{"limit":3}},{"name":"Architecture DONE","wip":{"limit":0}},{"name":"Dev IP","wip":{"limit":5}},{"name":"Dev DONE","wip":{"limit":0}},{"name":"Test IP","wip":{"limit":5}},{"name":"Test DONE","wip":{"limit":0}},{"name":"Approval","wip":{"limit":5}},{"name":"Redy for production","wip":{"limit":5}},{"name":"In production"}],"firstSeen":1410293597175,"lastSeen":1419889962039}]},"flowData":{"1":{"title":"CR #111 Test1","id":"1","lanes":{"Dev DONE":[{"firstSeen":1410293597175,"lastSeen":1410293597175,"name":"Dev DONE"}],"Test IP":[{"firstSeen":1417355741960,"lastSeen":1419889962039,"name":"Test IP"}]},"isBlocked":false,"blockedRecords":[],"inLane":"Test IP"},"2":{"title":"! CR #112 Test 2","id":"2","lanes":{"Dev DONE":[{"firstSeen":1410293597175,"lastSeen":1410293597175,"name":"Dev DONE"}],"Test IP":[{"firstSeen":1417355741960,"lastSeen":1419889962039,"name":"Test IP"}]},"isBlocked":false,"blockedRecords":[],"inLane":"Test IP"},"3":{"title":"* CR #113 Test3","id":"3","lanes":{"Dev DONE":[{"firstSeen":1410293597175,"lastSeen":1410293597175,"name":"Dev DONE"}],"Test IP":[{"firstSeen":1417355741960,"lastSeen":1419889962039,"name":"Test IP"}]},"isBlocked":false,"blockedRecords":[],"inLane":"Test IP"},"4":{"title":"AT #111 Test4","id":"4","lanes":{"Dev DONE":[{"firstSeen":1410293597175,"lastSeen":1410293597175,"name":"Dev DONE"}],"Test IP":[{"firstSeen":1417355741960,"lastSeen":1419889962039,"name":"Test IP"}]},"isBlocked":false,"blockedRecords":[],"inLane":"Test IP"},"5":{"title":"BUG #3587 critical","id":"5","lanes":{"Test IP":[{"firstSeen":1410293597175,"lastSeen":1419889962039,"name":"Test IP"}]},"isBlocked":false,"blockedRecords":[],"inLane":"Test IP"},"6":{"title":"SUPPORT #not support","id":"6","lanes":{"Dev IP":[{"firstSeen":1410293597175,"lastSeen":1410293597175,"name":"Dev IP"}],"Test IP":[{"firstSeen":1417355741960,"lastSeen":1419889962039,"name":"Test IP"}]},"isBlocked":false,"blockedRecords":[],"inLane":"Test IP"},"7":{"title":"MAINT #111 fixa","id":"7","lanes":{"Req DONE":[{"firstSeen":1410293597175,"lastSeen":1410293597175,"name":"Req DONE"}],"Architecture IP":[{"firstSeen":1417355741960,"lastSeen":1419885408160,"name":"Architecture IP"}],"Architecture DONE":[{"firstSeen":1419889962039,"lastSeen":1419889962039,"name":"Architecture DONE"}]},"isBlocked":false,"blockedRecords":[],"inLane":"Architecture DONE"},"8":{"title":"TEST testing","id":"8","lanes":{"Architecture DONE":[{"firstSeen":1410293597175,"lastSeen":1410293597175,"name":"Architecture DONE"}],"Dev IP":[{"firstSeen":1417355741960,"lastSeen":1419889962039,"name":"Dev IP"}]},"isBlocked":false,"blockedRecords":[],"inLane":"Dev IP"},"9":{"title":"FD 2014-10-10 #123 bla bla bla |maint","id":"9","lanes":{"Dev IP":[{"firstSeen":1410293597175,"lastSeen":1410293597175,"name":"Dev IP"}],"Dev DONE":[{"firstSeen":1417355741960,"lastSeen":1419889962039,"name":"Dev DONE"}]},"isBlocked":false,"blockedRecords":[],"inLane":"Dev DONE"},"10":{"title":"SPIKE spike 1 |project","id":"10","lanes":{"Architecture IP":[{"firstSeen":1410293597175,"lastSeen":1410293597175,"name":"Architecture IP"}],"Req DONE":[{"firstSeen":1417355741960,"lastSeen":1419889962039,"name":"Req DONE"}]},"isBlocked":false,"blockedRecords":[],"inLane":"Req DONE"}}}