[{"board":"https://paddelkraft.visualstudio.com/DefaultCollection/tfsDataCollection","milliseconds":10000000,"genericItemUrl":"https://paddelkraft.visualstudio.com/DefaultCollection/tfsDataCollection/_workitems#_a=edit&id=","lanes":[{"name":"ToDo","tickets":[{"id":"4","title":"AT 1"}]},{"name":"Dev IP","wip":{"limit":5,"current":2},"tickets":[{"id":"9","title":"BL ticket 1","blocked":true}]},{"name":"Dev DONE","wip":{"limit":0,"current":0},"tickets":[{"id":"3","title":"CR 1"}]},{"name":"In production","tickets":[]}]},{"board":"https://paddelkraft.visualstudio.com/DefaultCollection/tfsDataCollection","milliseconds":10000010,"genericItemUrl":"https://paddelkraft.visualstudio.com/DefaultCollection/tfsDataCollection/_workitems#_a=edit&id=","lanes":[{"name":"ToDo","tickets":[{"id":"4","title":"AT 1"}]},{"name":"Dev IP","wip":{"limit":5,"current":2},"tickets":[{"id":"9","title":"BL ticket 1","blocked":true}]},{"name":"Dev DONE","wip":{"limit":0,"current":0},"tickets":[{"id":"3","title":"CR 1"}]},{"name":"In production","tickets":[]}]}]