{"type":"BoardRecord","cardCategory":"Custom","boardUrl":"https://paddelkraft.visualstudio.com/DefaultCollection/tfsDataCollection/_backlogs/board/Backlog%20items","__RequestVerificationToken":"request_token","projectName":"tfsDataCollection","boardApiUrl":"https://paddelkraft.visualstudio.com/DefaultCollection/tfsDataCollection/_api/_backlog/GetBoard?__v=5&hubCategoryReferenceName=Custom","genericItemUrl":"https://paddelkraft.visualstudio.com/DefaultCollection/tfsDataCollection/_workitems#_a=edit&id=","workItemApiUrl":{"type":"post","url":"https://paddelkraft.visualstudio.com/DefaultCollection/_api/_wit/pageWorkItems","content":{"workItemIds":"1,2","fields":"System.Id,System.field","__RequestVerificationToken":"request_token"}}}