[["Date","ToDo","Dev IP","Dev DONE","In production"],["1970-01-01",1,0,0,0],["1970-01-02",0,1,0,0],["1970-01-03",0,0,1,0],["1970-01-04",0,0,0,1]]