{"type":"BoardRecord","cardCategory":"Custom","boardUrl":"https://paddelkraft.visualstudio.com/DefaultCollection/tfsDataCollection/_backlogs/board/Backlog%20items","projectName":"tfsDataCollection","boardApiUrl":"https://paddelkraft.visualstudio.com/DefaultCollection/tfsDataCollection/_api/_backlog/GetBoard?__v=5&hubCategoryReferenceName=Custom","genericItemUrl":"https://paddelkraft.visualstudio.com/DefaultCollection/tfsDataCollection/_workitems#_a=edit&id=","workItemApiUrl":"https://paddelkraft.visualstudio.com/DefaultCollection/_apis/wit/workitems?api-version=1.0&ids=1,2&fields=System.field"}