[[{"lane":"ToDo","milliseconds":0},{"lane":"Dev IP","milliseconds":86400000}],[{"lane":"Dev IP","milliseconds":0},{"lane":"Dev DONE","milliseconds":86400000}],[{"lane":"ToDo","milliseconds":86400000}]]