{"https://paddelkraft.visualstudio.com/DefaultCollection/tfsDataCollection/_api/_backlog/GetBoard?__v=5&hubCategoryReferenceName=Custom":{"type":"BoardRecord","cardCategory":"Custom","boardUrl":"https://paddelkraft.visualstudio.com/DefaultCollection/tfsDataCollection/_backlogs/board/Backlog%20items","__RequestVerificationToken":"request_token","projectName":"tfsDataCollection"}}