{"milliseconds":10000,"boardUrl":"https://paddelkraft.visualstudio.com/DefaultCollection/tfsDataCollection/_backlogs/board/","board":"https://paddelkraft.visualstudio.com/DefaultCollection/tfsDataCollection","genericItemUrl":"https://paddelkraft.visualstudio.com/DefaultCollection/tfsDataCollection/_workitems#_a=edit&id=","cardCategory":"custom","doneState":["Done","Done"],"lanes":[{"name":"ToDo","wip":{"limit":0,"current":7},"tickets":[{"id":"22","title":"CR"},{"id":"24","title":"BUG #111 its a lot of bugs nowdays"},{"id":"34","title":"detta är en bug"},{"id":"37","title":"BUG A bug"},{"id":"38","title":"CR Do something |Project"},{"id":"39","title":"MA Update something"},{"id":"40","title":"BUG Fix something broken |Project"}]},{"name":"Req IP Doing","wip":{"limit":1,"current":1},"tickets":[{"id":"21","title":"CR Cfd diagram SPA |A"}]},{"name":"Req IP Done","wip":{"limit":0,"current":1},"tickets":[{"id":"23","title":"AT created from board#1 |filter"}]},{"name":"Req DONE","wip":{"limit":0,"current":0},"tickets":[]},{"name":"Architecture IP","wip":{"limit":3,"current":1},"tickets":[{"id":"10","title":"BL SPIKE spike 1 2015-02-28 |project"}]},{"name":"Architecture DONE","wip":{"limit":0,"current":2},"tickets":[{"id":"7","title":"MAINT #111 fixa 2015-03-19 dfklsfjsklödfjklnds fdsfksdfjlskfn fdjkfkdfn dfjlkdfäödk ckfjdfölkldfökflöldökfödlf dkfljfdlökfjsöf dslköfjf fkdf kfljfösajaöj"},{"id":"18","title":"TEST Approval tests"}]},{"name":"Dev IP","wip":{"limit":5,"current":3},"tickets":[{"id":"17","title":"CR Yes one more"},{"id":"19","title":"Create Unstable version in chromestore 2015-02-02"},{"id":"36","title":"Testing"}]},{"name":"Dev DONE","wip":{"limit":0,"current":1},"tickets":[{"id":"8","title":"TEST testing"}]},{"name":"Test IP","wip":{"limit":5,"current":4},"tickets":[{"id":"1","title":"CR #111 Test1"},{"id":"3","title":"CR #113 Test3"},{"id":"4","title":"* AT #111 Test4"},{"id":"9","title":"FD 2014-10-10 #123 bla bla bla /maint"}]},{"name":"Test DONE","wip":{"limit":0,"current":1},"tickets":[{"id":"2","title":"! CR #112 Test 2"}]},{"name":"Approval","wip":{"limit":5,"current":1},"tickets":[{"id":"20","title":"SPIKE #99 /Proj"}]},{"name":"Redy for production","wip":{"limit":5,"current":0},"tickets":[]},{"name":"In production","wip":{"limit":0,"current":4},"tickets":[{"id":"5","title":"BUG #3587 critical"},{"id":"6","title":"SUPPORT #not support"},{"id":"14","title":"CR CFD diagram"},{"id":"15","title":"CR Automatic snapshots"}]}]}