{"http://tfs.it.volvo.net:8080/tfs/Global/SEGOT-GDP/Team%203%20–%20Dev%20Gothenburg/_api/_backlog/GetBoard?__v=5&hubCategoryReferenceName=Microsoft.RequirementCategory":{"boardUrl":"http://tfs.it.volvo.net:8080/tfs/Global/SEGOT-GDP/Team%203%20–%20Dev%20Gothenburg/_backlogs/board/Acceptance%20Tests","projectUrl":"http://tfs.it.volvo.net:8080/tfs/Global/SEGOT-GDP/Team%203%20–%20Dev%20Gothenburg","apiUrl":"http://tfs.it.volvo.net:8080/tfs/Global/SEGOT-GDP/Team%203%20–%20Dev%20Gothenburg/_api/_backlog/GetBoard?__v=5&hubCategoryReferenceName=Microsoft.RequirementCategory","genericItemUrl":"http://tfs.it.volvo.net:8080/tfs/Global/SEGOT-GDP/_workitems#_a=edit&id=","cardCategory":"Microsoft.RequirementCategory"},"https://paddelkraft.visualstudio.com/DefaultCollection/tfsDataCollection/_api/_backlog/GetBoard?__v=5&hubCategoryReferenceName=Custom":{"boardUrl":"https://paddelkraft.visualstudio.com/DefaultCollection/tfsDataCollection/_backlogs/board/Backlog%20items","projectUrl":"https://paddelkraft.visualstudio.com/DefaultCollection/tfsDataCollection","apiUrl":"https://paddelkraft.visualstudio.com/DefaultCollection/tfsDataCollection/_api/_backlog/GetBoard?__v=5&hubCategoryReferenceName=Custom","genericItemUrl":"https://paddelkraft.visualstudio.com/DefaultCollection/tfsDataCollection/_workitems#_a=edit&id=","cardCategory":"Custom"}}