[{"lane":"lane","milliseconds":95040000.00000001},{"lane":"lane","milliseconds":172800000},{"lane":"other lane","milliseconds":259200000},{"lane":"lane","milliseconds":345600000},{"lane":"lane","milliseconds":432000000}]